ddean
fbrown
rlee
irivera
egray
nhoffman
qgarrett
xjackson
gterry
iburke
kjames
rhoffman
ymay
clowe
vneal
wstanley
vnguyen
xbrown
qlewis
xmoore
spearson
twilson
fhopkins
nlee
bnguyen
scox
rsoto
afuller
ytaylor
pbell
hclark
eherrera
dterry
dharvey
hbyrd
wharvey
ohall
bward
zthompson
dsilva
sanderson
glewis
rgeorge
qburton
lhoffman
wburton
umendoza
gbyrd
elynch
rclark
emendoza
dsoto
jlewis
lwhite
tthomas
mdouglas
mmartin
gstanley
yvang
hgray
usoto
fcox
mvargas
dclark
tramirez
jwilson
crichardson
yburke
jmoore
ywilson
bpeterson
qdavis
sday
dlynch
sholland
rsmith
sthompson
xburton
rvargas
pwhitley
rcarlson
cwelch
yreid
wmartinez
bwade
trichardson
kbarnett
amoreno
nbowman
bwelch
egeorge
rgray
imiller
nburke
zdavis
vjennings
bgeorge
ppeterson
srobinson
icarlson
yneal
vjimenez
kmoore
xromero
utorres
lherrera
vgray
rlittle
zcooper
dthompson
bjacobs
mjensen
sgilbert
rlarson
xday
mherrera
vrodriguez
phall
jbarnett
mgarrett
nlarson
lnguyen
ncaldwell
bgarcia
fgarza
vburton
qwalker
rfuller
ctorres
vallen
rfleming
fmoreno
ymiller
pgraves
lwalters
rneal
agarrett
bwalker
ogeorge
hmay
cgeorge
dburke
handerson
icooper
zharvey
wwhite
njohnson
ibell
dpuddles
rrobinson
wburke
kburke
tterry
bmay
hallen
blee
vmurphy
kdouglas
oward
tlarson
nfowler
gmurphy
qvang
hday
ngeorge
tburke
awalker
uwade
qrivera
mdean
zburke
lthomas
arodriguez
xjennings
fmurphy
kwhitley
dmurphy
bsilva
mneal
tgarza
lterry
wmay
zpeterson
hlarson
jherrera
lwilliams
gsoto
ksilva
lmurphy
yburton
itorres
gmendoza
zbell
ubailey
npeterson
oanderson
tbailey
gfleming
aholland
zwilliams
bhopkins
mmoreno
whall
jjennings
hreid
fgraves
hward
ahopkins
jmurphy
iwhite
dtorres
mrodriguez
ybailey
hrivera
gclark
wallen
orichardson
sdouglas
rbrown
xmendoza
ibarnett
slewis
zreid
nmay
rholland
kromero
wcarlson
hsoto
xdavidson
sramirez
jlowe
ikim
cmartinez
tdavis
qlarson
cvang
rjimenez
vfrazier
uwhite
jburton
sgarza
wmedina
sbowman
udavidson
cclark
ojohnson
hwalters
xcarlson
elewis
kstanley
eterry
ypeterson
nsilva
lgray
ckim
cwalters
uneal
ihoward
ecaldwell
kfrazier
vwilson
zbailey
fkim
rlewis
hcooper
zgarcia
mwalters
gdouglas
wmurphy
oburton
hgarrett
ogarza
scurtis
qclark
pbrewer
jholland
ejohnson
ecarlson
ireid
tgraves
isoto
pwade
usilva
gvargas
psmith
ogilbert
zcurtis
ballen
inoel
rwalker
jrobinson
mtaylor
dpearson
jbowman
lfuller
zbrewer
nmurphy
ksoto
rfowler
qtaylor
mbarnett
ufowler
pvargas
jrichardson
jcarlson
owhite
tharvey
lwilson
xfleming
sjames
thanson
hmoore
jlarson
fjackson
qwilliams
pthompson
lbrown
xgarrett
cmartin
vthompson
wvargas
brivera
uburke
mbowman
yfleming
wjohnson
lwhitley
ytorres
rgarza
zfuller
mnoel
imedina
zjohnson
cwhitley
breid
vlowe
ubyrd
ucooper
jwilliams
gwilson
ggray
drodriguez
hbailey
hbowman
cdavidson
bwalters
hnguyen
kmedina
prodriguez
mday
xlee
ibrewer
xmurphy
kwade
llarson
